exports[`test renders correctly 1`] = `
<ul>
  <li>
    test
  </li>
</ul>
`;
