exports[`test renders correctly 1`] = `
<div>
  <div>
    item: 
    test
  </div>
  <div>
    sum: 
    50
  </div>
  <div>
    category: 
    test
  </div>
</div>
`;
