exports[`test renders correctly 1`] = `
<div>
  <nav>
    <a
      onClick={[Function]}
      style={Object {}}>
      Home
    </a>
    <a
      onClick={[Function]}
      style={Object {}}>
      Test
    </a>
    <a
      onClick={[Function]}
      style={Object {}}>
      Categories
    </a>
  </nav>
</div>
`;
