exports[`test renders correctly 1`] = `
<div>
  <h2>
    Costs by categories:
  </h2>
  <div
    className="renderedD3">
    
  </div>
</div>
`;
